// Jest Snapshot v1, https://goo.gl/fbAQLP

exports[`AddRecipe snapshot 1`] = `
<ContextConsumer>
  <Component />
</ContextConsumer>
`;
